// Jest Snapshot v1, https://goo.gl/fbAQLP

exports[`Test in GifGridItem should  component works 1`] = `
<div
  className="card animate__fadeIn"
>
  <img
    alt="jbbhbibb"
    src="http://debudye/ded.jpg"
  />
</div>
`;
